// Jest Snapshot v1, https://goo.gl/fbAQLP

exports[`snapshopt test text component render text component 1`] = `
<Text
  style={
    Array [
      Object {
        "display": "flex",
      },
    ]
  }
>
  Testing text
</Text>
`;
